[atc21-comparison] Mode: block-streams-4
[atc21-comparison] Device: /dev/nvme0n1
[atc21-comparison] Results: /home/femu/stream-policy-results/full-20260814/block-streams-4-20260814-182854
[atc21-comparison] Requirement: use a freshly started FEMU instance
[atc21-write] Using 192 initially empty regions; reclamation begins on reuse
[atc21-write] Warmup: 60 seconds
[atc21-write] Measuring: 600 seconds
[atc21-write] 60/600 seconds: 725.01 MiB/s average
[atc21-write] 120/600 seconds: 725.28 MiB/s average
[atc21-write] 180/600 seconds: 725.27 MiB/s average
[atc21-write] 240/600 seconds: 725.24 MiB/s average
[atc21-write] 300/600 seconds: 725.13 MiB/s average
[atc21-write] 360/600 seconds: 725.03 MiB/s average
[atc21-write] 420/600 seconds: 725.06 MiB/s average
[atc21-write] 480/600 seconds: 725.07 MiB/s average
[atc21-write] 540/600 seconds: 725.06 MiB/s average
[atc21-write] 600/600 seconds: 725.01 MiB/s average
[atc21-write] Complete: 725.01 MiB/s, errors=0

[atc21-comparison] Complete. Results are in:
/home/femu/stream-policy-results/full-20260814/block-streams-4-20260814-182854
