[atc21-comparison] Mode: zns
[atc21-comparison] Device: /dev/nvme0n1
[atc21-comparison] Results: /home/femu/stream-policy-results/full-20260814/zns-20260814-184152
[atc21-comparison] Requirement: use a freshly started FEMU instance
[atc21-write] Using 192 initially empty regions; reclamation begins on reuse
[atc21-write] Warmup: 60 seconds
[atc21-write] Measuring: 600 seconds
[atc21-write] 60/600 seconds: 867.41 MiB/s average
[atc21-write] 120/600 seconds: 867.89 MiB/s average
[atc21-write] 180/600 seconds: 867.99 MiB/s average
[atc21-write] 240/600 seconds: 868.05 MiB/s average
[atc21-write] 300/600 seconds: 867.89 MiB/s average
[atc21-write] 360/600 seconds: 867.79 MiB/s average
[atc21-write] 420/600 seconds: 867.64 MiB/s average
[atc21-write] 480/600 seconds: 867.74 MiB/s average
[atc21-write] 540/600 seconds: 867.85 MiB/s average
[atc21-write] 600/600 seconds: 867.87 MiB/s average
[atc21-write] Complete: 867.87 MiB/s, errors=0

[atc21-comparison] Complete. Results are in:
/home/femu/stream-policy-results/full-20260814/zns-20260814-184152
