[atc21-comparison] Mode: block-baseline
[atc21-comparison] Device: /dev/nvme0n1
[atc21-comparison] Results: /home/femu/stream-policy-results/full-20260814/block-baseline-20260814-175023
[atc21-comparison] Requirement: use a freshly started FEMU instance
[atc21-write] Using 192 initially empty regions; reclamation begins on reuse
[atc21-write] Warmup: 60 seconds
[atc21-write] Measuring: 600 seconds
[atc21-write] 60/600 seconds: 254.03 MiB/s average
[atc21-write] 120/600 seconds: 237.04 MiB/s average
[atc21-write] 180/600 seconds: 225.69 MiB/s average
[atc21-write] 240/600 seconds: 218.33 MiB/s average
[atc21-write] 300/600 seconds: 210.68 MiB/s average
[atc21-write] 360/600 seconds: 205.12 MiB/s average
[atc21-write] 420/600 seconds: 201.09 MiB/s average
[atc21-write] 480/600 seconds: 197.79 MiB/s average
[atc21-write] 540/600 seconds: 195.08 MiB/s average
[atc21-write] 600/600 seconds: 193.15 MiB/s average
[atc21-write] Complete: 193.15 MiB/s, errors=0

[atc21-comparison] Complete. Results are in:
/home/femu/stream-policy-results/full-20260814/block-baseline-20260814-175023
