[atc21-comparison] Mode: block-streams-1
[atc21-comparison] Device: /dev/nvme0n1
[atc21-comparison] Results: /home/femu/stream-policy-results/full-20260814/block-streams-1-20260814-180258
[atc21-comparison] Requirement: use a freshly started FEMU instance
[atc21-write] Using 192 initially empty regions; reclamation begins on reuse
[atc21-write] Warmup: 60 seconds
[atc21-write] Measuring: 600 seconds
[atc21-write] 60/600 seconds: 246.86 MiB/s average
[atc21-write] 120/600 seconds: 231.83 MiB/s average
[atc21-write] 180/600 seconds: 221.73 MiB/s average
[atc21-write] 240/600 seconds: 214.96 MiB/s average
[atc21-write] 300/600 seconds: 210.98 MiB/s average
[atc21-write] 360/600 seconds: 205.95 MiB/s average
[atc21-write] 420/600 seconds: 201.51 MiB/s average
[atc21-write] 480/600 seconds: 198.18 MiB/s average
[atc21-write] 540/600 seconds: 195.76 MiB/s average
[atc21-write] 600/600 seconds: 193.49 MiB/s average
[atc21-write] Complete: 193.49 MiB/s, errors=0

[atc21-comparison] Complete. Results are in:
/home/femu/stream-policy-results/full-20260814/block-streams-1-20260814-180258
