[atc21-comparison] Mode: block-streams-2
[atc21-comparison] Device: /dev/nvme0n1
[atc21-comparison] Results: /home/femu/stream-policy-results/full-20260814/block-streams-2-20260814-181610
[atc21-comparison] Requirement: use a freshly started FEMU instance
[atc21-write] Using 192 initially empty regions; reclamation begins on reuse
[atc21-write] Warmup: 60 seconds
[atc21-write] Measuring: 600 seconds
[atc21-write] 60/600 seconds: 298.81 MiB/s average
[atc21-write] 120/600 seconds: 294.18 MiB/s average
[atc21-write] 180/600 seconds: 288.58 MiB/s average
[atc21-write] 240/600 seconds: 282.71 MiB/s average
[atc21-write] 300/600 seconds: 278.86 MiB/s average
[atc21-write] 360/600 seconds: 275.74 MiB/s average
[atc21-write] 420/600 seconds: 273.95 MiB/s average
[atc21-write] 480/600 seconds: 271.94 MiB/s average
[atc21-write] 540/600 seconds: 270.25 MiB/s average
[atc21-write] 600/600 seconds: 269.07 MiB/s average
[atc21-write] Complete: 269.07 MiB/s, errors=0

[atc21-comparison] Complete. Results are in:
/home/femu/stream-policy-results/full-20260814/block-streams-2-20260814-181610
